nohup: ignoring input
[orchestrator] Starting at 2025-08-09T07:09:35+00:00
[orchestrator] pnpm version: 10.14.0
[orchestrator] Installing workspace dependencies...
Scope: all 9 workspace projects
Lockfile is up to date, resolution step is skipped
Already up to date

╭ Warning ─────────────────────────────────────────────────────────────────────╮
│                                                                              │
│   Ignored build scripts: @tailwindcss/oxide, better-sqlite3, cypress,        │
│   esbuild, lzma-native, sqlite3, wndb-with-exceptions, wordpos.              │
│   Run "pnpm approve-builds" to pick which dependencies should be allowed     │
│   to run scripts.                                                            │
│                                                                              │
╰──────────────────────────────────────────────────────────────────────────────╯

Done in 624ms using pnpm v10.14.0
[orchestrator] Launching dev server...
[orchestrator] Dev server PID: 8626
[orchestrator] Dev server is ready (attempt 1)
[orchestrator] Running Cypress end-to-end tests (all specs)...
No version of Cypress is installed in: /home/ubuntu/.cache/Cypress/14.5.3/Cypress

Please reinstall Cypress by running: cypress install

----------

Cypress executable not found at: /home/ubuntu/.cache/Cypress/14.5.3/Cypress/Cypress

----------

Platform: linux-x64 (Ubuntu - 25.04)
Cypress Version: 14.5.3
[orchestrator] Stopping dev server (PID 8626)
[orchestrator] Cypress failed with status 1
[orchestrator] Finished at 2025-08-09T07:09:38+00:00
